scan_jrc_report: 26 dataset(s) from D:\github\ironclustSW\logs\jrc_scan_cuniform\manifest.csv
  [  1/ 26] afm18348_260317_0                      SKIP:notfound  (nClu=0 desync=0 mix=0 spatial=0)
  [  2/ 26] afm18348_260320_1                      SKIP:notfound  (nClu=0 desync=0 mix=0 spatial=0)
  [  3/ 26] afm18348_260324_0                      SKIP:notfound  (nClu=0 desync=0 mix=0 spatial=0)
  [  4/ 26] afm18349_260317_0#260317_afm18349_g0_tcat.imec0.ap_IRC_all_sites_jrc SKIP:loaderr   (nClu=0 desync=0 mix=0 spatial=0)
  [  5/ 26] afm18349_260317_0#260317_afm18349_g0_tcat.imec0.ap_IRC_jrc DESYNC-SEVERE  (nClu=209 desync=188 mix=35 spatial=0)
  [  6/ 26] afm18349_260320_0                      DESYNC-SEVERE  (nClu=259 desync=237 mix=18 spatial=0)
  [  7/ 26] afm18349_260324_0                      DESYNC-SEVERE  (nClu=190 desync=179 mix=52 spatial=0)
  [  8/ 26] afm18367_260317_0#260317_afm18367_g0_tcat.imec0.ap_IRC_jrc PASS           (nClu=170 desync=0 mix=0 spatial=3)
  [  9/ 26] afm18367_260317_0#test260317_afm18367_g0_tcat.imec0.ap_IRC_jrc DESYNC-SEVERE  (nClu=36 desync=12 mix=3 spatial=1)
  [ 10/ 26] afm18367_260317_1#260317_afm18367_g0_tcat.imec0.ap_IRC_jrc PASS           (nClu=170 desync=0 mix=0 spatial=3)
  [ 11/ 26] afm18367_260317_1#test260317_afm18367_g0_tcat.imec0.ap_IRC_jrc DESYNC-SEVERE  (nClu=36 desync=12 mix=3 spatial=1)
  [ 12/ 26] afm18367_260320_0                      DESYNC-SEVERE  (nClu=138 desync=74 mix=26 spatial=3)
  [ 13/ 26] afm18367_260324_0_catgt_IRC            PASS           (nClu=159 desync=0 mix=0 spatial=1)
  [ 14/ 26] _                                      SKIP:notfound  (nClu=0 desync=0 mix=0 spatial=0)
  [ 15/ 26] afm18349_260317_0_all_sites#260317_afm18349_g0_tcat.imec0.ap_IRC_all_sites_jrc SKIP:loaderr   (nClu=0 desync=0 mix=0 spatial=0)
  [ 16/ 26] afm18349_260317_0_all_sites#260317_afm18349_g0_tcat.imec0.ap_IRC_jrc DESYNC-SEVERE  (nClu=209 desync=188 mix=35 spatial=0)
  [ 17/ 26] afm18367_A260324_KS25                  SKIP:notfound  (nClu=0 desync=0 mix=0 spatial=0)
  [ 18/ 26] afm18367_S260324_SPI                   SKIP:notfound  (nClu=0 desync=0 mix=0 spatial=0)
  [ 19/ 26] afm18367_260324_0                      PASS           (nClu=226 desync=0 mix=0 spatial=3)
  [ 20/ 26] afm18367_260324_0_catgt_KS4            PASS           (nClu=159 desync=0 mix=0 spatial=1)
  [ 21/ 26] afm18367_260324_0_catgt_SC2            SKIP:notfound  (nClu=0 desync=0 mix=0 spatial=0)
  [ 22/ 26] afm18367_260324_0_catgt_KS3            PASS           (nClu=159 desync=0 mix=0 spatial=1)
  [ 23/ 26] afm18367_260317_0_hdbscan#260317_afm18367_g0_tcat.imec0.ap_IRC_jrc PASS           (nClu=170 desync=0 mix=0 spatial=3)
  [ 24/ 26] afm18367_260317_0_hdbscan#test260317_afm18367_g0_tcat.imec0.ap_IRC_jrc DESYNC-SEVERE  (nClu=36 desync=12 mix=3 spatial=1)
  [ 25/ 26] afm18367_260317_1_hdbscan#260317_afm18367_g0_tcat.imec0.ap_IRC_jrc PASS           (nClu=170 desync=0 mix=0 spatial=3)
  [ 26/ 26] afm18367_260317_1_hdbscan#test260317_afm18367_g0_tcat.imec0.ap_IRC_jrc DESYNC-SEVERE  (nClu=36 desync=12 mix=3 spatial=1)

Wrote D:\github\ironclustSW\logs\jrc_scan_cuniform\AFFECTED_REPORT.md and 26 per-session logs in D:\github\ironclustSW\logs\jrc_scan_cuniform\logs
